YES
.V#.#####..#...#....#.#.#..#.##.#....#..#..####.#...##.##..#.##.###.#..#...#.#.####..####..###....#...#.#..##.#..#...#.###.###.#....#.....#.###...##.##..#.####.#..#.#..#.##...###..##.##..##.##.##.##..
KVVVVVVV###.#.#..#.##.#.#.#..#..#.#.#..#....##..#####.#.###.#.##.####.##...#.##..###...##..##.#...#.##.#..##.#...#..##......##..##...#..#..#..#.##.#...###.##.#.##.###.#.#..##.##.....#.#..##....##.#.##
KKK#..#V##.#.#.#.##.###.....###.###..##....#.#..##.##.##########...##..#.##...#.#.#.####..##..#.#.#.###...#..##......#..#.###.##..####.##..#.....#.#.####....####...##...#.#.#.#.##.#....#.####..#.###..
##K##..VVVVVVVVVVVVVVVVVVVVVVVVVVVVVVVVVVVVVVVVVVVVVVVVVVVVVVVVVVVVVVVVVVVVVVVVVVVVVVVVVVVVVVVVVVVVVVVVVVVVVVVVVVVVVVVVVVVVVVVVVVVVVVVVVVVVVVVVVVVVVVVVVVVVVVVVVVVVVVVVVVVVVVVVVVVVVVVVVVVVVVVVVVVVVVVVV
##KKKKKKKKKKKKKKKKKKKKKKKKKKKKKKKKKKKKKKKKKKKKKKKKKKKKKKKKKKKKKKKKKKKKKKKKKKKKKKKKKKKKKKKKKKKKKKKKKKKKKKKKKKKKKKKKKKKKKKKKKKKKKKKKKKKKKKKKKKKKKKKKKKKKKKKKKKKKKKKKKKKKKKKKKKKKKKKKKKKKKKKKKKKKKKKKKKKKK.
