YES
.VVVVVV###.####..##.#####..##..######.################..######.##.####.####..#######..######.#.##..#####..###.###.######.####
KKKKK#VV######.#...###.#####.#########.#.#####.##.##.#..####.#.####...#..##.####...#..##.######..#####...#.###.#..##########.
###.KKKVV##.###.####.###.#####.#.#####.####..############..####.####.###..##.#.####.########.#.#####.###..####.###.#.##.###.#
..#...K#VVVV###.###.###.####.#############..##.####.###.#...#.##########..#.#############...##.##..##.#####.###.###....#..###
...###K##.#VVVV#####.#####.#####.####.#.##.#.#.#.######.######...######.#########..#####.#####..##.##..#######.##############
.####.KKKK.#.#VVVV#..#.#########.##.##.###.###.##.#########.#.####.#.###.###.#.##.###.#.############.#.##.##.##.############.
###..#.##K#######VVVVVVVVVVVVVVVVVVVVVVVVVVVVVVVVVVVVVVVVVVVVVVVVVVVVVVVVVVVVVVVVVVVVVVVVVVVVVVVVVVVVVVVVVVVVVVVVVVVVVVVVVVVV
#######..KKKKKKKKKKKKKKKKKKKKKKKKKKKKKKKKKKKKKKKKKKKKKKKKKKKKKKKKKKKKKKKKKKKKKKKKKKKKKKKKKKKKKKKKKKKKKKKKKKKKKKKKKKKKKKKKKKK.
