YES
.VVVVVV####.###.##.####################..#.#..#####....####.####.##.#..###.##.#..#..##.#.####.##.####.##.####.#####.###.###.##..#.#.##.#########..##.####.##..#..##.#####.#.#..########.####.####.#.##.#
KKKKKKVVV##....####.#####.####.###..###..#.###.##.#.##########.#.####.#######.##..################...####.##.#####.######.###.##.#.###...###.#.######.#############.#####..##############.#########.####
#..##KKKVVVVVV#..#######.#..#####.######.#.#.########.######.#.######.###.###########.####.#...#.##.#####..###.######..######################.######.##.##.#####..#.#######.###..###.#####.####.....####
#..##..KK###.VVVVVVVVVVVVVVVVVVVVVVVVVVVVVVVVVVVVVVVVVVVVVVVVVVVVVVVVVVVVVVVVVVVVVVVVVVVVVVVVVVVVVVVVVVVVVVVVVVVVVVVVVVVVVVVVVVVVVVVVVVVVVVVVVVVVVVVVVVVVVVVVVVVVVVVVVVVVVVVVVVVVVVVVVVVVVVVVVVVVVVVVVVV
#.###.##KKKKKKKKKKKKKKKKKKKKKKKKKKKKKKKKKKKKKKKKKKKKKKKKKKKKKKKKKKKKKKKKKKKKKKKKKKKKKKKKKKKKKKKKKKKKKKKKKKKKKKKKKKKKKKKKKKKKKKKKKKKKKKKKKKKKKKKKKKKKKKKKKKKKKKKKKKKKKKKKKKKKKKKKKKKKKKKKKKKKKKKKKKKKKKK.
