YES
.VVVVVVVVVVVVVVVVVV
K#.#.#.#.#.#.#.#.#V
KKKKKKKKKKKKKKKKK.V
################K#V
KKKKKKKKKKKKKKKKK#V
K#################V
K.................V
K#################V
K.................V
K#################V
K.................V
K#################V
KKKKKKKKKVVVVVVVVVV
########KV#########
........KVVVVVVVVVV
.#.#.#.#K#.#.#.#.#V
........KKKKKKKKKK.
